// Jest Snapshot v1, https://goo.gl/fbAQLP

exports[`AddItem component renders the UI as expected 1`] = `
<section>
  <h2>
    New Item
  </h2>
  <form
    onSubmit={[Function]}
  >
    <div
      className="field"
    >
      <label
        htmlFor="item-title-input"
      >
        Title
      </label>
      <input
        id="title"
        name="title"
        onChange={[Function]}
        type="text"
        value=""
      />
    </div>
    <div
      className="field"
    >
      <label
        htmlFor="item-content-input"
      >
        Description
      </label>
      <textarea
        id="description"
        name="description"
        onChange={[Function]}
        value=""
      />
    </div>
    <div
      className="button"
    >
      <button
        disabled="Please enter a title"
        type="submit"
      >
        Add item
      </button>
    </div>
  </form>
</section>
`;
