// Jest Snapshot v1, https://goo.gl/fbAQLP

exports[`NavBar component renders the UI as expected 1`] = `
<div
  className="navbar"
>
  <div
    className="navbar-item"
  >
    <h2>
      Log in
    </h2>
  </div>
  <div
    className="navbar-item"
  >
    <h2>
      Sign Up
    </h2>
  </div>
</div>
`;
