// Jest Snapshot v1, https://goo.gl/fbAQLP

exports[`SendRequestForm component renders the UI as expected 1`] = `
<form
  onSubmit={[Function]}
>
  <div
    className="form-group"
  >
    <label
      htmlFor="text"
    >
      Object
    </label>
    <input
      id="subject"
      name="subject"
      onChange={[Function]}
      placeholder="I'm interested in your item"
      required={true}
      type="text"
      value=""
    />
  </div>
  <div
    className="form-group"
  >
    <label
      htmlFor="text"
    >
      Message
    </label>
    <textarea
      id="message"
      name="message"
      onChange={[Function]}
      type="text"
      value=""
    />
  </div>
  <div>
    <button
      disabled="Email subject is required"
      type="submit"
    >
      Send
    </button>
  </div>
</form>
`;
